2026-07-03 09:02:53 [ERROR]: Unhandled Rejection: No TAF available for this station {"statusCode":404,"isOperational":true,"stack":"Error: No TAF available for this station\n    at getTAF (C:\\Users\\chokah\\Desktop\\air\\backend\\src\\controllers\\forecast.controller.ts:110:15)"}
2026-07-03 09:02:53 [ERROR]: Unhandled Rejection: No active forecast found for this station {"statusCode":404,"isOperational":true,"stack":"Error: No active forecast found for this station\n    at getCurrent (C:\\Users\\chokah\\Desktop\\air\\backend\\src\\controllers\\forecast.controller.ts:69:15)"}
2026-07-03 09:03:13 [ERROR]: Unhandled Rejection: No TAF available for this station {"statusCode":404,"isOperational":true,"stack":"Error: No TAF available for this station\n    at getTAF (C:\\Users\\chokah\\Desktop\\air\\backend\\src\\controllers\\forecast.controller.ts:110:15)"}
2026-07-03 09:03:13 [ERROR]: Unhandled Rejection: No active forecast found for this station {"statusCode":404,"isOperational":true,"stack":"Error: No active forecast found for this station\n    at getCurrent (C:\\Users\\chokah\\Desktop\\air\\backend\\src\\controllers\\forecast.controller.ts:69:15)"}
2026-07-03 09:03:38 [ERROR]: Unhandled Rejection: No TAF available for this station {"statusCode":404,"isOperational":true,"stack":"Error: No TAF available for this station\n    at getTAF (C:\\Users\\chokah\\Desktop\\air\\backend\\src\\controllers\\forecast.controller.ts:110:15)"}
2026-07-03 09:03:38 [ERROR]: Unhandled Rejection: No active forecast found for this station {"statusCode":404,"isOperational":true,"stack":"Error: No active forecast found for this station\n    at getCurrent (C:\\Users\\chokah\\Desktop\\air\\backend\\src\\controllers\\forecast.controller.ts:69:15)"}
2026-07-03 09:03:58 [ERROR]: Unhandled Rejection: No active forecast found for this station {"statusCode":404,"isOperational":true,"stack":"Error: No active forecast found for this station\n    at getCurrent (C:\\Users\\chokah\\Desktop\\air\\backend\\src\\controllers\\forecast.controller.ts:69:15)"}
2026-07-03 09:03:58 [ERROR]: Unhandled Rejection: No TAF available for this station {"statusCode":404,"isOperational":true,"stack":"Error: No TAF available for this station\n    at getTAF (C:\\Users\\chokah\\Desktop\\air\\backend\\src\\controllers\\forecast.controller.ts:110:15)"}
2026-07-03 09:04:46 [ERROR]: Unhandled Rejection: No upper air data available {"statusCode":404,"isOperational":true,"stack":"Error: No upper air data available\n    at getUpperAir (C:\\Users\\chokah\\Desktop\\air\\backend\\src\\controllers\\forecast.controller.ts:256:15)"}
2026-07-03 09:05:06 [ERROR]: Unhandled Rejection: No active forecast found for this station {"statusCode":404,"isOperational":true,"stack":"Error: No active forecast found for this station\n    at getCurrent (C:\\Users\\chokah\\Desktop\\air\\backend\\src\\controllers\\forecast.controller.ts:69:15)"}
2026-07-03 09:09:23 [ERROR]: Unhandled Rejection: No TAF available for this station {"statusCode":404,"isOperational":true,"stack":"Error: No TAF available for this station\n    at getTAF (C:\\Users\\chokah\\Desktop\\air\\backend\\src\\controllers\\forecast.controller.ts:110:15)"}
2026-07-03 09:09:23 [ERROR]: Unhandled Rejection: No TAF available for this station {"statusCode":404,"isOperational":true,"stack":"Error: No TAF available for this station\n    at getTAF (C:\\Users\\chokah\\Desktop\\air\\backend\\src\\controllers\\forecast.controller.ts:110:15)"}
2026-07-03 09:09:23 [ERROR]: Unhandled Rejection: No active forecast found for this station {"statusCode":404,"isOperational":true,"stack":"Error: No active forecast found for this station\n    at getCurrent (C:\\Users\\chokah\\Desktop\\air\\backend\\src\\controllers\\forecast.controller.ts:69:15)"}
2026-07-03 09:09:24 [ERROR]: Unhandled Rejection: No TAF available for this station {"statusCode":404,"isOperational":true,"stack":"Error: No TAF available for this station\n    at getTAF (C:\\Users\\chokah\\Desktop\\air\\backend\\src\\controllers\\forecast.controller.ts:110:15)"}
2026-07-03 09:09:24 [ERROR]: Unhandled Rejection: No active forecast found for this station {"statusCode":404,"isOperational":true,"stack":"Error: No active forecast found for this station\n    at getCurrent (C:\\Users\\chokah\\Desktop\\air\\backend\\src\\controllers\\forecast.controller.ts:69:15)"}
2026-07-03 09:33:13 [ERROR]: ⚠️ Force shutdown after timeout 
2026-07-03 12:03:43 [ERROR]: Unhandled Rejection: No active forecast found for this station {"statusCode":404,"isOperational":true,"stack":"Error: No active forecast found for this station\n    at getCurrent (C:\\Users\\chokah\\Desktop\\air\\backend\\src\\controllers\\forecast.controller.ts:69:15)"}
2026-07-03 12:03:43 [ERROR]: Unhandled Rejection: No TAF available for this station {"statusCode":404,"isOperational":true,"stack":"Error: No TAF available for this station\n    at getTAF (C:\\Users\\chokah\\Desktop\\air\\backend\\src\\controllers\\forecast.controller.ts:110:15)"}
2026-07-03 12:04:00 [ERROR]: Unhandled Rejection: No active forecast found for this station {"statusCode":404,"isOperational":true,"stack":"Error: No active forecast found for this station\n    at getCurrent (C:\\Users\\chokah\\Desktop\\air\\backend\\src\\controllers\\forecast.controller.ts:69:15)"}
2026-07-03 12:04:00 [ERROR]: Unhandled Rejection: No TAF available for this station {"statusCode":404,"isOperational":true,"stack":"Error: No TAF available for this station\n    at getTAF (C:\\Users\\chokah\\Desktop\\air\\backend\\src\\controllers\\forecast.controller.ts:110:15)"}
2026-07-03 12:04:00 [ERROR]: Unhandled Rejection: No TAF available for this station {"statusCode":404,"isOperational":true,"stack":"Error: No TAF available for this station\n    at getTAF (C:\\Users\\chokah\\Desktop\\air\\backend\\src\\controllers\\forecast.controller.ts:110:15)"}
2026-07-03 12:04:00 [ERROR]: Unhandled Rejection: No TAF available for this station {"statusCode":404,"isOperational":true,"stack":"Error: No TAF available for this station\n    at getTAF (C:\\Users\\chokah\\Desktop\\air\\backend\\src\\controllers\\forecast.controller.ts:110:15)"}
2026-07-03 14:25:07 [ERROR]: Unhandled Rejection: No TAF available for this station {"statusCode":404,"isOperational":true,"stack":"Error: No TAF available for this station\n    at getTAF (C:\\Users\\chokah\\Desktop\\air\\backend\\src\\controllers\\forecast.controller.ts:110:15)"}
2026-07-03 14:25:07 [ERROR]: Unhandled Rejection: No active forecast found for this station {"statusCode":404,"isOperational":true,"stack":"Error: No active forecast found for this station\n    at getCurrent (C:\\Users\\chokah\\Desktop\\air\\backend\\src\\controllers\\forecast.controller.ts:69:15)"}
2026-07-03 14:25:26 [ERROR]: Unhandled Rejection: No TAF available for this station {"statusCode":404,"isOperational":true,"stack":"Error: No TAF available for this station\n    at getTAF (C:\\Users\\chokah\\Desktop\\air\\backend\\src\\controllers\\forecast.controller.ts:110:15)"}
2026-07-03 14:25:26 [ERROR]: Unhandled Rejection: No active forecast found for this station {"statusCode":404,"isOperational":true,"stack":"Error: No active forecast found for this station\n    at getCurrent (C:\\Users\\chokah\\Desktop\\air\\backend\\src\\controllers\\forecast.controller.ts:69:15)"}
2026-07-03 14:25:27 [ERROR]: Unhandled Rejection: No active forecast found for this station {"statusCode":404,"isOperational":true,"stack":"Error: No active forecast found for this station\n    at getCurrent (C:\\Users\\chokah\\Desktop\\air\\backend\\src\\controllers\\forecast.controller.ts:69:15)"}
2026-07-03 14:25:27 [ERROR]: Unhandled Rejection: No TAF available for this station {"statusCode":404,"isOperational":true,"stack":"Error: No TAF available for this station\n    at getTAF (C:\\Users\\chokah\\Desktop\\air\\backend\\src\\controllers\\forecast.controller.ts:110:15)"}
2026-07-05 13:59:15 [ERROR]: Unhandled Rejection: No active forecast found for this station {"statusCode":404,"isOperational":true,"stack":"Error: No active forecast found for this station\n    at getCurrent (C:\\Users\\chokah\\Desktop\\air\\backend\\src\\controllers\\forecast.controller.ts:69:15)"}
2026-07-05 13:59:15 [ERROR]: Unhandled Rejection: No TAF available for this station {"statusCode":404,"isOperational":true,"stack":"Error: No TAF available for this station\n    at getTAF (C:\\Users\\chokah\\Desktop\\air\\backend\\src\\controllers\\forecast.controller.ts:110:15)"}
2026-07-05 13:59:35 [ERROR]: Unhandled Rejection: No active forecast found for this station {"statusCode":404,"isOperational":true,"stack":"Error: No active forecast found for this station\n    at getCurrent (C:\\Users\\chokah\\Desktop\\air\\backend\\src\\controllers\\forecast.controller.ts:69:15)"}
2026-07-05 13:59:35 [ERROR]: Unhandled Rejection: No TAF available for this station {"statusCode":404,"isOperational":true,"stack":"Error: No TAF available for this station\n    at getTAF (C:\\Users\\chokah\\Desktop\\air\\backend\\src\\controllers\\forecast.controller.ts:110:15)"}
2026-07-05 13:59:36 [ERROR]: Unhandled Rejection: No active forecast found for this station {"statusCode":404,"isOperational":true,"stack":"Error: No active forecast found for this station\n    at getCurrent (C:\\Users\\chokah\\Desktop\\air\\backend\\src\\controllers\\forecast.controller.ts:69:15)"}
2026-07-05 13:59:36 [ERROR]: Unhandled Rejection: No TAF available for this station {"statusCode":404,"isOperational":true,"stack":"Error: No TAF available for this station\n    at getTAF (C:\\Users\\chokah\\Desktop\\air\\backend\\src\\controllers\\forecast.controller.ts:110:15)"}
2026-07-05 23:16:12 [ERROR]: Unhandled Rejection: No active forecast found for this station {"statusCode":404,"isOperational":true,"stack":"Error: No active forecast found for this station\n    at getCurrent (C:\\Users\\chokah\\Desktop\\air\\backend\\src\\controllers\\forecast.controller.ts:69:15)"}
2026-07-05 23:16:12 [ERROR]: Unhandled Rejection: No TAF available for this station {"statusCode":404,"isOperational":true,"stack":"Error: No TAF available for this station\n    at getTAF (C:\\Users\\chokah\\Desktop\\air\\backend\\src\\controllers\\forecast.controller.ts:110:15)"}
2026-07-05 23:16:31 [ERROR]: Unhandled Rejection: No TAF available for this station {"statusCode":404,"isOperational":true,"stack":"Error: No TAF available for this station\n    at getTAF (C:\\Users\\chokah\\Desktop\\air\\backend\\src\\controllers\\forecast.controller.ts:110:15)"}
2026-07-05 23:16:31 [ERROR]: Unhandled Rejection: No active forecast found for this station {"statusCode":404,"isOperational":true,"stack":"Error: No active forecast found for this station\n    at getCurrent (C:\\Users\\chokah\\Desktop\\air\\backend\\src\\controllers\\forecast.controller.ts:69:15)"}
2026-07-05 23:16:32 [ERROR]: Unhandled Rejection: No active forecast found for this station {"statusCode":404,"isOperational":true,"stack":"Error: No active forecast found for this station\n    at getCurrent (C:\\Users\\chokah\\Desktop\\air\\backend\\src\\controllers\\forecast.controller.ts:69:15)"}
2026-07-05 23:16:32 [ERROR]: Unhandled Rejection: No TAF available for this station {"statusCode":404,"isOperational":true,"stack":"Error: No TAF available for this station\n    at getTAF (C:\\Users\\chokah\\Desktop\\air\\backend\\src\\controllers\\forecast.controller.ts:110:15)"}
2026-07-05 23:28:23 [ERROR]: Unhandled Rejection: No active forecast found for this station {"statusCode":404,"isOperational":true,"stack":"Error: No active forecast found for this station\n    at getCurrent (C:\\Users\\chokah\\Desktop\\air\\backend\\src\\controllers\\forecast.controller.ts:69:15)"}
2026-07-05 23:28:42 [ERROR]: Unhandled Rejection: No TAF available for this station {"statusCode":404,"isOperational":true,"stack":"Error: No TAF available for this station\n    at getTAF (C:\\Users\\chokah\\Desktop\\air\\backend\\src\\controllers\\forecast.controller.ts:110:15)"}
2026-07-05 23:28:42 [ERROR]: Unhandled Rejection: No active forecast found for this station {"statusCode":404,"isOperational":true,"stack":"Error: No active forecast found for this station\n    at getCurrent (C:\\Users\\chokah\\Desktop\\air\\backend\\src\\controllers\\forecast.controller.ts:69:15)"}
2026-07-05 23:29:02 [ERROR]: Unhandled Rejection: No active forecast found for this station {"statusCode":404,"isOperational":true,"stack":"Error: No active forecast found for this station\n    at getCurrent (C:\\Users\\chokah\\Desktop\\air\\backend\\src\\controllers\\forecast.controller.ts:69:15)"}
2026-07-05 23:29:02 [ERROR]: Unhandled Rejection: No TAF available for this station {"statusCode":404,"isOperational":true,"stack":"Error: No TAF available for this station\n    at getTAF (C:\\Users\\chokah\\Desktop\\air\\backend\\src\\controllers\\forecast.controller.ts:110:15)"}
2026-07-05 23:29:03 [ERROR]: Unhandled Rejection: No active forecast found for this station {"statusCode":404,"isOperational":true,"stack":"Error: No active forecast found for this station\n    at getCurrent (C:\\Users\\chokah\\Desktop\\air\\backend\\src\\controllers\\forecast.controller.ts:69:15)"}
2026-07-05 23:29:03 [ERROR]: Unhandled Rejection: No TAF available for this station {"statusCode":404,"isOperational":true,"stack":"Error: No TAF available for this station\n    at getTAF (C:\\Users\\chokah\\Desktop\\air\\backend\\src\\controllers\\forecast.controller.ts:110:15)"}
2026-07-05 23:29:52 [ERROR]: Unhandled Rejection: No active forecast found for this station {"statusCode":404,"isOperational":true,"stack":"Error: No active forecast found for this station\n    at getCurrent (C:\\Users\\chokah\\Desktop\\air\\backend\\src\\controllers\\forecast.controller.ts:69:15)"}
2026-07-05 23:29:52 [ERROR]: Unhandled Rejection: No TAF available for this station {"statusCode":404,"isOperational":true,"stack":"Error: No TAF available for this station\n    at getTAF (C:\\Users\\chokah\\Desktop\\air\\backend\\src\\controllers\\forecast.controller.ts:110:15)"}
2026-07-06 00:06:44 [ERROR]: Unhandled Rejection: No TAF available for this station {"statusCode":404,"isOperational":true,"stack":"Error: No TAF available for this station\n    at getTAF (C:\\Users\\chokah\\Desktop\\air\\backend\\src\\controllers\\forecast.controller.ts:110:15)"}
2026-07-06 00:06:45 [ERROR]: Unhandled Rejection: No active forecast found for this station {"statusCode":404,"isOperational":true,"stack":"Error: No active forecast found for this station\n    at getCurrent (C:\\Users\\chokah\\Desktop\\air\\backend\\src\\controllers\\forecast.controller.ts:69:15)"}
2026-07-06 00:07:51 [ERROR]: Unhandled Rejection: No active forecast found for this station {"statusCode":404,"isOperational":true,"stack":"Error: No active forecast found for this station\n    at getCurrent (C:\\Users\\chokah\\Desktop\\air\\backend\\src\\controllers\\forecast.controller.ts:69:15)"}
2026-07-06 00:07:51 [ERROR]: Unhandled Rejection: No TAF available for this station {"statusCode":404,"isOperational":true,"stack":"Error: No TAF available for this station\n    at getTAF (C:\\Users\\chokah\\Desktop\\air\\backend\\src\\controllers\\forecast.controller.ts:110:15)"}
2026-07-06 00:08:11 [ERROR]: Unhandled Rejection: No active forecast found for this station {"statusCode":404,"isOperational":true,"stack":"Error: No active forecast found for this station\n    at getCurrent (C:\\Users\\chokah\\Desktop\\air\\backend\\src\\controllers\\forecast.controller.ts:69:15)"}
2026-07-06 00:08:11 [ERROR]: Unhandled Rejection: No TAF available for this station {"statusCode":404,"isOperational":true,"stack":"Error: No TAF available for this station\n    at getTAF (C:\\Users\\chokah\\Desktop\\air\\backend\\src\\controllers\\forecast.controller.ts:110:15)"}
2026-07-06 00:08:11 [ERROR]: Unhandled Rejection: No active forecast found for this station {"statusCode":404,"isOperational":true,"stack":"Error: No active forecast found for this station\n    at getCurrent (C:\\Users\\chokah\\Desktop\\air\\backend\\src\\controllers\\forecast.controller.ts:69:15)"}
2026-07-06 00:08:11 [ERROR]: Unhandled Rejection: No TAF available for this station {"statusCode":404,"isOperational":true,"stack":"Error: No TAF available for this station\n    at getTAF (C:\\Users\\chokah\\Desktop\\air\\backend\\src\\controllers\\forecast.controller.ts:110:15)"}
2026-07-06 00:30:41 [ERROR]: Unhandled Rejection: No active forecast found for this station {"statusCode":404,"isOperational":true,"stack":"Error: No active forecast found for this station\n    at getCurrent (C:\\Users\\chokah\\Desktop\\air\\backend\\src\\controllers\\forecast.controller.ts:69:15)"}
2026-07-06 00:30:41 [ERROR]: Unhandled Rejection: No TAF available for this station {"statusCode":404,"isOperational":true,"stack":"Error: No TAF available for this station\n    at getTAF (C:\\Users\\chokah\\Desktop\\air\\backend\\src\\controllers\\forecast.controller.ts:110:15)"}
2026-07-06 00:36:34 [ERROR]: Unhandled Rejection: No active forecast found for this station {"statusCode":404,"isOperational":true,"stack":"Error: No active forecast found for this station\n    at getCurrent (C:\\Users\\chokah\\Desktop\\air\\backend\\src\\controllers\\forecast.controller.ts:69:15)"}
2026-07-06 00:36:34 [ERROR]: Unhandled Rejection: No TAF available for this station {"statusCode":404,"isOperational":true,"stack":"Error: No TAF available for this station\n    at getTAF (C:\\Users\\chokah\\Desktop\\air\\backend\\src\\controllers\\forecast.controller.ts:110:15)"}
2026-07-06 00:36:54 [ERROR]: Unhandled Rejection: No active forecast found for this station {"statusCode":404,"isOperational":true,"stack":"Error: No active forecast found for this station\n    at getCurrent (C:\\Users\\chokah\\Desktop\\air\\backend\\src\\controllers\\forecast.controller.ts:69:15)"}
2026-07-06 00:36:54 [ERROR]: Unhandled Rejection: No TAF available for this station {"statusCode":404,"isOperational":true,"stack":"Error: No TAF available for this station\n    at getTAF (C:\\Users\\chokah\\Desktop\\air\\backend\\src\\controllers\\forecast.controller.ts:110:15)"}
2026-07-06 00:36:54 [ERROR]: Unhandled Rejection: No active forecast found for this station {"statusCode":404,"isOperational":true,"stack":"Error: No active forecast found for this station\n    at getCurrent (C:\\Users\\chokah\\Desktop\\air\\backend\\src\\controllers\\forecast.controller.ts:69:15)"}
2026-07-06 00:36:54 [ERROR]: Unhandled Rejection: No TAF available for this station {"statusCode":404,"isOperational":true,"stack":"Error: No TAF available for this station\n    at getTAF (C:\\Users\\chokah\\Desktop\\air\\backend\\src\\controllers\\forecast.controller.ts:110:15)"}
2026-07-06 02:29:11 [ERROR]: Unhandled Rejection: No active forecast found for this station {"statusCode":404,"isOperational":true,"stack":"Error: No active forecast found for this station\n    at getCurrent (C:\\Users\\chokah\\Desktop\\air\\backend\\src\\controllers\\forecast.controller.ts:69:15)"}
2026-07-06 02:29:11 [ERROR]: Unhandled Rejection: No TAF available for this station {"statusCode":404,"isOperational":true,"stack":"Error: No TAF available for this station\n    at getTAF (C:\\Users\\chokah\\Desktop\\air\\backend\\src\\controllers\\forecast.controller.ts:110:15)"}
2026-07-06 08:29:07 [ERROR]: Unhandled Rejection: No active forecast found for this station {"statusCode":404,"isOperational":true,"stack":"Error: No active forecast found for this station\n    at getCurrent (C:\\Users\\chokah\\Desktop\\air\\backend\\src\\controllers\\forecast.controller.ts:69:15)"}
2026-07-06 08:29:07 [ERROR]: Unhandled Rejection: No TAF available for this station {"statusCode":404,"isOperational":true,"stack":"Error: No TAF available for this station\n    at getTAF (C:\\Users\\chokah\\Desktop\\air\\backend\\src\\controllers\\forecast.controller.ts:110:15)"}
2026-07-06 08:29:26 [ERROR]: Unhandled Rejection: No TAF available for this station {"statusCode":404,"isOperational":true,"stack":"Error: No TAF available for this station\n    at getTAF (C:\\Users\\chokah\\Desktop\\air\\backend\\src\\controllers\\forecast.controller.ts:110:15)"}
2026-07-06 08:29:26 [ERROR]: Unhandled Rejection: No active forecast found for this station {"statusCode":404,"isOperational":true,"stack":"Error: No active forecast found for this station\n    at getCurrent (C:\\Users\\chokah\\Desktop\\air\\backend\\src\\controllers\\forecast.controller.ts:69:15)"}
2026-07-06 08:29:28 [ERROR]: Unhandled Rejection: No active forecast found for this station {"statusCode":404,"isOperational":true,"stack":"Error: No active forecast found for this station\n    at getCurrent (C:\\Users\\chokah\\Desktop\\air\\backend\\src\\controllers\\forecast.controller.ts:69:15)"}
2026-07-06 08:29:28 [ERROR]: Unhandled Rejection: No TAF available for this station {"statusCode":404,"isOperational":true,"stack":"Error: No TAF available for this station\n    at getTAF (C:\\Users\\chokah\\Desktop\\air\\backend\\src\\controllers\\forecast.controller.ts:110:15)"}
2026-07-06 08:30:26 [ERROR]: Unhandled Rejection: No TAF available for this station {"statusCode":404,"isOperational":true,"stack":"Error: No TAF available for this station\n    at getTAF (C:\\Users\\chokah\\Desktop\\air\\backend\\src\\controllers\\forecast.controller.ts:110:15)"}
2026-07-06 08:30:27 [ERROR]: Unhandled Rejection: No active forecast found for this station {"statusCode":404,"isOperational":true,"stack":"Error: No active forecast found for this station\n    at getCurrent (C:\\Users\\chokah\\Desktop\\air\\backend\\src\\controllers\\forecast.controller.ts:69:15)"}
2026-07-06 08:30:27 [ERROR]: Unhandled Rejection: No TAF available for this station {"statusCode":404,"isOperational":true,"stack":"Error: No TAF available for this station\n    at getTAF (C:\\Users\\chokah\\Desktop\\air\\backend\\src\\controllers\\forecast.controller.ts:110:15)"}
2026-07-06 08:30:47 [ERROR]: Unhandled Rejection: No active forecast found for this station {"statusCode":404,"isOperational":true,"stack":"Error: No active forecast found for this station\n    at getCurrent (C:\\Users\\chokah\\Desktop\\air\\backend\\src\\controllers\\forecast.controller.ts:69:15)"}
2026-07-06 08:30:47 [ERROR]: Unhandled Rejection: No TAF available for this station {"statusCode":404,"isOperational":true,"stack":"Error: No TAF available for this station\n    at getTAF (C:\\Users\\chokah\\Desktop\\air\\backend\\src\\controllers\\forecast.controller.ts:110:15)"}
2026-07-06 08:30:47 [ERROR]: Unhandled Rejection: No active forecast found for this station {"statusCode":404,"isOperational":true,"stack":"Error: No active forecast found for this station\n    at getCurrent (C:\\Users\\chokah\\Desktop\\air\\backend\\src\\controllers\\forecast.controller.ts:69:15)"}
2026-07-06 08:30:47 [ERROR]: Unhandled Rejection: No TAF available for this station {"statusCode":404,"isOperational":true,"stack":"Error: No TAF available for this station\n    at getTAF (C:\\Users\\chokah\\Desktop\\air\\backend\\src\\controllers\\forecast.controller.ts:110:15)"}
2026-07-06 09:02:45 [ERROR]: ⚠️ Force shutdown after timeout 
2026-07-06 09:14:20 [ERROR]: Unhandled Rejection: No active forecast found for this station {"statusCode":404,"isOperational":true,"stack":"Error: No active forecast found for this station\n    at getCurrent (C:\\Users\\chokah\\Desktop\\air\\backend\\src\\controllers\\forecast.controller.ts:69:15)"}
2026-07-06 09:14:20 [ERROR]: Unhandled Rejection: No TAF available for this station {"statusCode":404,"isOperational":true,"stack":"Error: No TAF available for this station\n    at getTAF (C:\\Users\\chokah\\Desktop\\air\\backend\\src\\controllers\\forecast.controller.ts:110:15)"}
2026-07-06 09:14:40 [ERROR]: Unhandled Rejection: No active forecast found for this station {"statusCode":404,"isOperational":true,"stack":"Error: No active forecast found for this station\n    at getCurrent (C:\\Users\\chokah\\Desktop\\air\\backend\\src\\controllers\\forecast.controller.ts:69:15)"}
2026-07-06 09:14:40 [ERROR]: Unhandled Rejection: No TAF available for this station {"statusCode":404,"isOperational":true,"stack":"Error: No TAF available for this station\n    at getTAF (C:\\Users\\chokah\\Desktop\\air\\backend\\src\\controllers\\forecast.controller.ts:110:15)"}
2026-07-06 09:14:40 [ERROR]: Unhandled Rejection: No active forecast found for this station {"statusCode":404,"isOperational":true,"stack":"Error: No active forecast found for this station\n    at getCurrent (C:\\Users\\chokah\\Desktop\\air\\backend\\src\\controllers\\forecast.controller.ts:69:15)"}
2026-07-06 09:14:40 [ERROR]: Unhandled Rejection: No TAF available for this station {"statusCode":404,"isOperational":true,"stack":"Error: No TAF available for this station\n    at getTAF (C:\\Users\\chokah\\Desktop\\air\\backend\\src\\controllers\\forecast.controller.ts:110:15)"}
2026-07-06 09:14:52 [ERROR]: Unhandled Rejection: No active forecast found for this station {"statusCode":404,"isOperational":true,"stack":"Error: No active forecast found for this station\n    at getCurrent (C:\\Users\\chokah\\Desktop\\air\\backend\\src\\controllers\\forecast.controller.ts:69:15)"}
2026-07-06 09:14:52 [ERROR]: Unhandled Rejection: No TAF available for this station {"statusCode":404,"isOperational":true,"stack":"Error: No TAF available for this station\n    at getTAF (C:\\Users\\chokah\\Desktop\\air\\backend\\src\\controllers\\forecast.controller.ts:110:15)"}
2026-07-06 09:14:53 [ERROR]: Unhandled Rejection: No active forecast found for this station {"statusCode":404,"isOperational":true,"stack":"Error: No active forecast found for this station\n    at getCurrent (C:\\Users\\chokah\\Desktop\\air\\backend\\src\\controllers\\forecast.controller.ts:69:15)"}
2026-07-06 09:14:53 [ERROR]: Unhandled Rejection: No TAF available for this station {"statusCode":404,"isOperational":true,"stack":"Error: No TAF available for this station\n    at getTAF (C:\\Users\\chokah\\Desktop\\air\\backend\\src\\controllers\\forecast.controller.ts:110:15)"}
2026-07-06 09:15:13 [ERROR]: Unhandled Rejection: No active forecast found for this station {"statusCode":404,"isOperational":true,"stack":"Error: No active forecast found for this station\n    at getCurrent (C:\\Users\\chokah\\Desktop\\air\\backend\\src\\controllers\\forecast.controller.ts:69:15)"}
2026-07-06 09:15:13 [ERROR]: Unhandled Rejection: No TAF available for this station {"statusCode":404,"isOperational":true,"stack":"Error: No TAF available for this station\n    at getTAF (C:\\Users\\chokah\\Desktop\\air\\backend\\src\\controllers\\forecast.controller.ts:110:15)"}
2026-07-06 09:15:13 [ERROR]: Unhandled Rejection: No active forecast found for this station {"statusCode":404,"isOperational":true,"stack":"Error: No active forecast found for this station\n    at getCurrent (C:\\Users\\chokah\\Desktop\\air\\backend\\src\\controllers\\forecast.controller.ts:69:15)"}
2026-07-06 09:15:13 [ERROR]: Unhandled Rejection: No TAF available for this station {"statusCode":404,"isOperational":true,"stack":"Error: No TAF available for this station\n    at getTAF (C:\\Users\\chokah\\Desktop\\air\\backend\\src\\controllers\\forecast.controller.ts:110:15)"}
2026-07-06 09:22:07 [ERROR]: Unhandled Rejection: No active forecast found for this station {"statusCode":404,"isOperational":true,"stack":"Error: No active forecast found for this station\n    at getCurrent (C:\\Users\\chokah\\Desktop\\air\\backend\\src\\controllers\\forecast.controller.ts:69:15)"}
2026-07-06 09:22:08 [ERROR]: Unhandled Rejection: No active forecast found for this station {"statusCode":404,"isOperational":true,"stack":"Error: No active forecast found for this station\n    at getCurrent (C:\\Users\\chokah\\Desktop\\air\\backend\\src\\controllers\\forecast.controller.ts:69:15)"}
2026-07-06 09:22:08 [ERROR]: Unhandled Rejection: No TAF available for this station {"statusCode":404,"isOperational":true,"stack":"Error: No TAF available for this station\n    at getTAF (C:\\Users\\chokah\\Desktop\\air\\backend\\src\\controllers\\forecast.controller.ts:110:15)"}
2026-07-06 09:22:28 [ERROR]: Unhandled Rejection: No TAF available for this station {"statusCode":404,"isOperational":true,"stack":"Error: No TAF available for this station\n    at getTAF (C:\\Users\\chokah\\Desktop\\air\\backend\\src\\controllers\\forecast.controller.ts:110:15)"}
2026-07-06 09:22:28 [ERROR]: Unhandled Rejection: No active forecast found for this station {"statusCode":404,"isOperational":true,"stack":"Error: No active forecast found for this station\n    at getCurrent (C:\\Users\\chokah\\Desktop\\air\\backend\\src\\controllers\\forecast.controller.ts:69:15)"}
2026-07-06 09:22:28 [ERROR]: Unhandled Rejection: No active forecast found for this station {"statusCode":404,"isOperational":true,"stack":"Error: No active forecast found for this station\n    at getCurrent (C:\\Users\\chokah\\Desktop\\air\\backend\\src\\controllers\\forecast.controller.ts:69:15)"}
2026-07-06 09:22:28 [ERROR]: Unhandled Rejection: No TAF available for this station {"statusCode":404,"isOperational":true,"stack":"Error: No TAF available for this station\n    at getTAF (C:\\Users\\chokah\\Desktop\\air\\backend\\src\\controllers\\forecast.controller.ts:110:15)"}
2026-07-07 11:10:30 [ERROR]: Unhandled Rejection: No TAF available for this station {"statusCode":404,"isOperational":true,"stack":"Error: No TAF available for this station\n    at getTAF (C:\\Users\\chokah\\Desktop\\air\\backend\\src\\controllers\\forecast.controller.ts:110:15)"}
2026-07-07 11:10:30 [ERROR]: Unhandled Rejection: No active forecast found for this station {"statusCode":404,"isOperational":true,"stack":"Error: No active forecast found for this station\n    at getCurrent (C:\\Users\\chokah\\Desktop\\air\\backend\\src\\controllers\\forecast.controller.ts:69:15)"}
2026-07-07 11:10:30 [ERROR]: Unhandled Rejection: No active forecast found for this station {"statusCode":404,"isOperational":true,"stack":"Error: No active forecast found for this station\n    at getCurrent (C:\\Users\\chokah\\Desktop\\air\\backend\\src\\controllers\\forecast.controller.ts:69:15)"}
2026-07-07 11:10:30 [ERROR]: Unhandled Rejection: No TAF available for this station {"statusCode":404,"isOperational":true,"stack":"Error: No TAF available for this station\n    at getTAF (C:\\Users\\chokah\\Desktop\\air\\backend\\src\\controllers\\forecast.controller.ts:110:15)"}
2026-07-07 11:10:48 [ERROR]: Unhandled Rejection: No active forecast found for this station {"statusCode":404,"isOperational":true,"stack":"Error: No active forecast found for this station\n    at getCurrent (C:\\Users\\chokah\\Desktop\\air\\backend\\src\\controllers\\forecast.controller.ts:69:15)"}
2026-07-07 11:10:49 [ERROR]: Unhandled Rejection: No TAF available for this station {"statusCode":404,"isOperational":true,"stack":"Error: No TAF available for this station\n    at getTAF (C:\\Users\\chokah\\Desktop\\air\\backend\\src\\controllers\\forecast.controller.ts:110:15)"}
2026-07-07 11:12:35 [ERROR]: Unhandled Rejection: No active forecast found for this station {"statusCode":404,"isOperational":true,"stack":"Error: No active forecast found for this station\n    at getCurrent (C:\\Users\\chokah\\Desktop\\air\\backend\\src\\controllers\\forecast.controller.ts:69:15)"}
2026-07-07 11:12:35 [ERROR]: Unhandled Rejection: No TAF available for this station {"statusCode":404,"isOperational":true,"stack":"Error: No TAF available for this station\n    at getTAF (C:\\Users\\chokah\\Desktop\\air\\backend\\src\\controllers\\forecast.controller.ts:110:15)"}
2026-07-07 11:13:17 [ERROR]: Unhandled Rejection: No active forecast found for this station {"statusCode":404,"isOperational":true,"stack":"Error: No active forecast found for this station\n    at getCurrent (C:\\Users\\chokah\\Desktop\\air\\backend\\src\\controllers\\forecast.controller.ts:69:15)"}
2026-07-07 11:13:17 [ERROR]: Unhandled Rejection: No TAF available for this station {"statusCode":404,"isOperational":true,"stack":"Error: No TAF available for this station\n    at getTAF (C:\\Users\\chokah\\Desktop\\air\\backend\\src\\controllers\\forecast.controller.ts:110:15)"}
2026-07-07 11:13:36 [ERROR]: Unhandled Rejection: No active forecast found for this station {"statusCode":404,"isOperational":true,"stack":"Error: No active forecast found for this station\n    at getCurrent (C:\\Users\\chokah\\Desktop\\air\\backend\\src\\controllers\\forecast.controller.ts:69:15)"}
2026-07-07 11:13:36 [ERROR]: Unhandled Rejection: No TAF available for this station {"statusCode":404,"isOperational":true,"stack":"Error: No TAF available for this station\n    at getTAF (C:\\Users\\chokah\\Desktop\\air\\backend\\src\\controllers\\forecast.controller.ts:110:15)"}
2026-07-07 11:13:37 [ERROR]: Unhandled Rejection: No active forecast found for this station {"statusCode":404,"isOperational":true,"stack":"Error: No active forecast found for this station\n    at getCurrent (C:\\Users\\chokah\\Desktop\\air\\backend\\src\\controllers\\forecast.controller.ts:69:15)"}
2026-07-07 11:13:37 [ERROR]: Unhandled Rejection: No TAF available for this station {"statusCode":404,"isOperational":true,"stack":"Error: No TAF available for this station\n    at getTAF (C:\\Users\\chokah\\Desktop\\air\\backend\\src\\controllers\\forecast.controller.ts:110:15)"}
2026-07-07 11:23:28 [ERROR]: Unhandled Rejection: No active forecast found for this station {"statusCode":404,"isOperational":true,"stack":"Error: No active forecast found for this station\n    at getCurrent (C:\\Users\\chokah\\Desktop\\air\\backend\\src\\controllers\\forecast.controller.ts:69:15)"}
2026-07-07 11:23:28 [ERROR]: Unhandled Rejection: No TAF available for this station {"statusCode":404,"isOperational":true,"stack":"Error: No TAF available for this station\n    at getTAF (C:\\Users\\chokah\\Desktop\\air\\backend\\src\\controllers\\forecast.controller.ts:110:15)"}
2026-07-07 11:23:28 [ERROR]: Unhandled Rejection: No active forecast found for this station {"statusCode":404,"isOperational":true,"stack":"Error: No active forecast found for this station\n    at getCurrent (C:\\Users\\chokah\\Desktop\\air\\backend\\src\\controllers\\forecast.controller.ts:69:15)"}
2026-07-07 11:23:48 [ERROR]: Unhandled Rejection: No active forecast found for this station {"statusCode":404,"isOperational":true,"stack":"Error: No active forecast found for this station\n    at getCurrent (C:\\Users\\chokah\\Desktop\\air\\backend\\src\\controllers\\forecast.controller.ts:69:15)"}
2026-07-07 11:23:48 [ERROR]: Unhandled Rejection: No TAF available for this station {"statusCode":404,"isOperational":true,"stack":"Error: No TAF available for this station\n    at getTAF (C:\\Users\\chokah\\Desktop\\air\\backend\\src\\controllers\\forecast.controller.ts:110:15)"}
2026-07-07 11:23:49 [ERROR]: Unhandled Rejection: No active forecast found for this station {"statusCode":404,"isOperational":true,"stack":"Error: No active forecast found for this station\n    at getCurrent (C:\\Users\\chokah\\Desktop\\air\\backend\\src\\controllers\\forecast.controller.ts:69:15)"}
2026-07-07 11:23:49 [ERROR]: Unhandled Rejection: No TAF available for this station {"statusCode":404,"isOperational":true,"stack":"Error: No TAF available for this station\n    at getTAF (C:\\Users\\chokah\\Desktop\\air\\backend\\src\\controllers\\forecast.controller.ts:110:15)"}
2026-07-07 11:24:42 [ERROR]: Unhandled Rejection: No active forecast found for this station {"statusCode":404,"isOperational":true,"stack":"Error: No active forecast found for this station\n    at getCurrent (C:\\Users\\chokah\\Desktop\\air\\backend\\src\\controllers\\forecast.controller.ts:69:15)"}
2026-07-07 11:24:42 [ERROR]: Unhandled Rejection: No TAF available for this station {"statusCode":404,"isOperational":true,"stack":"Error: No TAF available for this station\n    at getTAF (C:\\Users\\chokah\\Desktop\\air\\backend\\src\\controllers\\forecast.controller.ts:110:15)"}
2026-07-07 11:24:42 [ERROR]: Unhandled Rejection: No active forecast found for this station {"statusCode":404,"isOperational":true,"stack":"Error: No active forecast found for this station\n    at getCurrent (C:\\Users\\chokah\\Desktop\\air\\backend\\src\\controllers\\forecast.controller.ts:69:15)"}
2026-07-07 11:24:42 [ERROR]: Unhandled Rejection: No upper air data available {"statusCode":404,"isOperational":true,"stack":"Error: No upper air data available\n    at getUpperAir (C:\\Users\\chokah\\Desktop\\air\\backend\\src\\controllers\\forecast.controller.ts:256:15)"}
2026-07-07 11:25:02 [ERROR]: Unhandled Rejection: No active forecast found for this station {"statusCode":404,"isOperational":true,"stack":"Error: No active forecast found for this station\n    at getCurrent (C:\\Users\\chokah\\Desktop\\air\\backend\\src\\controllers\\forecast.controller.ts:69:15)"}
2026-07-07 11:25:02 [ERROR]: Unhandled Rejection: No TAF available for this station {"statusCode":404,"isOperational":true,"stack":"Error: No TAF available for this station\n    at getTAF (C:\\Users\\chokah\\Desktop\\air\\backend\\src\\controllers\\forecast.controller.ts:110:15)"}
2026-07-07 11:25:02 [ERROR]: Unhandled Rejection: No upper air data available {"statusCode":404,"isOperational":true,"stack":"Error: No upper air data available\n    at getUpperAir (C:\\Users\\chokah\\Desktop\\air\\backend\\src\\controllers\\forecast.controller.ts:256:15)"}
2026-07-07 11:29:43 [ERROR]: Unhandled Rejection: No TAF available for this station {"statusCode":404,"isOperational":true,"stack":"Error: No TAF available for this station\n    at getTAF (C:\\Users\\chokah\\Desktop\\air\\backend\\src\\controllers\\forecast.controller.ts:110:15)"}
2026-07-07 11:29:43 [ERROR]: Unhandled Rejection: No active forecast found for this station {"statusCode":404,"isOperational":true,"stack":"Error: No active forecast found for this station\n    at getCurrent (C:\\Users\\chokah\\Desktop\\air\\backend\\src\\controllers\\forecast.controller.ts:69:15)"}
2026-07-07 11:30:02 [ERROR]: Unhandled Rejection: No TAF available for this station {"statusCode":404,"isOperational":true,"stack":"Error: No TAF available for this station\n    at getTAF (C:\\Users\\chokah\\Desktop\\air\\backend\\src\\controllers\\forecast.controller.ts:110:15)"}
2026-07-07 11:30:02 [ERROR]: Unhandled Rejection: No active forecast found for this station {"statusCode":404,"isOperational":true,"stack":"Error: No active forecast found for this station\n    at getCurrent (C:\\Users\\chokah\\Desktop\\air\\backend\\src\\controllers\\forecast.controller.ts:69:15)"}
2026-07-07 11:30:03 [ERROR]: Unhandled Rejection: No TAF available for this station {"statusCode":404,"isOperational":true,"stack":"Error: No TAF available for this station\n    at getTAF (C:\\Users\\chokah\\Desktop\\air\\backend\\src\\controllers\\forecast.controller.ts:110:15)"}
2026-07-07 11:30:03 [ERROR]: Unhandled Rejection: No active forecast found for this station {"statusCode":404,"isOperational":true,"stack":"Error: No active forecast found for this station\n    at getCurrent (C:\\Users\\chokah\\Desktop\\air\\backend\\src\\controllers\\forecast.controller.ts:69:15)"}
2026-07-07 11:35:15 [ERROR]: Unhandled Rejection: No active forecast found for this station {"statusCode":404,"isOperational":true,"stack":"Error: No active forecast found for this station\n    at getCurrent (C:\\Users\\chokah\\Desktop\\air\\backend\\src\\controllers\\forecast.controller.ts:69:15)"}
2026-07-07 11:35:15 [ERROR]: Unhandled Rejection: No TAF available for this station {"statusCode":404,"isOperational":true,"stack":"Error: No TAF available for this station\n    at getTAF (C:\\Users\\chokah\\Desktop\\air\\backend\\src\\controllers\\forecast.controller.ts:110:15)"}
2026-07-07 11:35:28 [ERROR]: Unhandled Rejection: No TAF available for this station {"statusCode":404,"isOperational":true,"stack":"Error: No TAF available for this station\n    at getTAF (C:\\Users\\chokah\\Desktop\\air\\backend\\src\\controllers\\forecast.controller.ts:110:15)"}
2026-07-07 11:35:28 [ERROR]: Unhandled Rejection: No active forecast found for this station {"statusCode":404,"isOperational":true,"stack":"Error: No active forecast found for this station\n    at getCurrent (C:\\Users\\chokah\\Desktop\\air\\backend\\src\\controllers\\forecast.controller.ts:69:15)"}
2026-07-07 11:35:32 [ERROR]: Unhandled Rejection: No TAF available for this station {"statusCode":404,"isOperational":true,"stack":"Error: No TAF available for this station\n    at getTAF (C:\\Users\\chokah\\Desktop\\air\\backend\\src\\controllers\\forecast.controller.ts:110:15)"}
2026-07-07 11:35:32 [ERROR]: Unhandled Rejection: No active forecast found for this station {"statusCode":404,"isOperational":true,"stack":"Error: No active forecast found for this station\n    at getCurrent (C:\\Users\\chokah\\Desktop\\air\\backend\\src\\controllers\\forecast.controller.ts:69:15)"}
2026-07-07 11:35:35 [ERROR]: Unhandled Rejection: No TAF available for this station {"statusCode":404,"isOperational":true,"stack":"Error: No TAF available for this station\n    at getTAF (C:\\Users\\chokah\\Desktop\\air\\backend\\src\\controllers\\forecast.controller.ts:110:15)"}
2026-07-07 11:35:35 [ERROR]: Unhandled Rejection: No active forecast found for this station {"statusCode":404,"isOperational":true,"stack":"Error: No active forecast found for this station\n    at getCurrent (C:\\Users\\chokah\\Desktop\\air\\backend\\src\\controllers\\forecast.controller.ts:69:15)"}
2026-07-07 11:35:40 [ERROR]: Unhandled Rejection: No TAF available for this station {"statusCode":404,"isOperational":true,"stack":"Error: No TAF available for this station\n    at getTAF (C:\\Users\\chokah\\Desktop\\air\\backend\\src\\controllers\\forecast.controller.ts:110:15)"}
2026-07-07 11:35:40 [ERROR]: Unhandled Rejection: No active forecast found for this station {"statusCode":404,"isOperational":true,"stack":"Error: No active forecast found for this station\n    at getCurrent (C:\\Users\\chokah\\Desktop\\air\\backend\\src\\controllers\\forecast.controller.ts:69:15)"}
2026-07-07 11:35:47 [ERROR]: Unhandled Rejection: No active forecast found for this station {"statusCode":404,"isOperational":true,"stack":"Error: No active forecast found for this station\n    at getCurrent (C:\\Users\\chokah\\Desktop\\air\\backend\\src\\controllers\\forecast.controller.ts:69:15)"}
2026-07-07 11:35:47 [ERROR]: Unhandled Rejection: No TAF available for this station {"statusCode":404,"isOperational":true,"stack":"Error: No TAF available for this station\n    at getTAF (C:\\Users\\chokah\\Desktop\\air\\backend\\src\\controllers\\forecast.controller.ts:110:15)"}
2026-07-07 11:35:47 [ERROR]: Unhandled Rejection: No upper air data available {"statusCode":404,"isOperational":true,"stack":"Error: No upper air data available\n    at getUpperAir (C:\\Users\\chokah\\Desktop\\air\\backend\\src\\controllers\\forecast.controller.ts:256:15)"}
2026-07-07 11:35:48 [ERROR]: Unhandled Rejection: No active forecast found for this station {"statusCode":404,"isOperational":true,"stack":"Error: No active forecast found for this station\n    at getCurrent (C:\\Users\\chokah\\Desktop\\air\\backend\\src\\controllers\\forecast.controller.ts:69:15)"}
2026-07-07 11:35:48 [ERROR]: Unhandled Rejection: No TAF available for this station {"statusCode":404,"isOperational":true,"stack":"Error: No TAF available for this station\n    at getTAF (C:\\Users\\chokah\\Desktop\\air\\backend\\src\\controllers\\forecast.controller.ts:110:15)"}
2026-07-07 11:35:48 [ERROR]: Unhandled Rejection: No upper air data available {"statusCode":404,"isOperational":true,"stack":"Error: No upper air data available\n    at getUpperAir (C:\\Users\\chokah\\Desktop\\air\\backend\\src\\controllers\\forecast.controller.ts:256:15)"}
2026-07-07 11:35:52 [ERROR]: Unhandled Rejection: No TAF available for this station {"statusCode":404,"isOperational":true,"stack":"Error: No TAF available for this station\n    at getTAF (C:\\Users\\chokah\\Desktop\\air\\backend\\src\\controllers\\forecast.controller.ts:110:15)"}
2026-07-07 11:36:42 [ERROR]: Unhandled Rejection: No TAF available for this station {"statusCode":404,"isOperational":true,"stack":"Error: No TAF available for this station\n    at getTAF (C:\\Users\\chokah\\Desktop\\air\\backend\\src\\controllers\\forecast.controller.ts:110:15)"}
2026-07-07 11:36:42 [ERROR]: Unhandled Rejection: No active forecast found for this station {"statusCode":404,"isOperational":true,"stack":"Error: No active forecast found for this station\n    at getCurrent (C:\\Users\\chokah\\Desktop\\air\\backend\\src\\controllers\\forecast.controller.ts:69:15)"}
2026-07-07 11:37:02 [ERROR]: Unhandled Rejection: No active forecast found for this station {"statusCode":404,"isOperational":true,"stack":"Error: No active forecast found for this station\n    at getCurrent (C:\\Users\\chokah\\Desktop\\air\\backend\\src\\controllers\\forecast.controller.ts:69:15)"}
2026-07-07 11:37:02 [ERROR]: Unhandled Rejection: No TAF available for this station {"statusCode":404,"isOperational":true,"stack":"Error: No TAF available for this station\n    at getTAF (C:\\Users\\chokah\\Desktop\\air\\backend\\src\\controllers\\forecast.controller.ts:110:15)"}
2026-07-07 11:37:03 [ERROR]: Unhandled Rejection: No active forecast found for this station {"statusCode":404,"isOperational":true,"stack":"Error: No active forecast found for this station\n    at getCurrent (C:\\Users\\chokah\\Desktop\\air\\backend\\src\\controllers\\forecast.controller.ts:69:15)"}
2026-07-07 11:37:03 [ERROR]: Unhandled Rejection: No TAF available for this station {"statusCode":404,"isOperational":true,"stack":"Error: No TAF available for this station\n    at getTAF (C:\\Users\\chokah\\Desktop\\air\\backend\\src\\controllers\\forecast.controller.ts:110:15)"}
2026-07-07 11:55:15 [ERROR]: Unhandled Rejection: No active forecast found for this station {"statusCode":404,"isOperational":true,"stack":"Error: No active forecast found for this station\n    at getCurrent (C:\\Users\\chokah\\Desktop\\air\\backend\\src\\controllers\\forecast.controller.ts:69:15)"}
2026-07-07 11:55:15 [ERROR]: Unhandled Rejection: No TAF available for this station {"statusCode":404,"isOperational":true,"stack":"Error: No TAF available for this station\n    at getTAF (C:\\Users\\chokah\\Desktop\\air\\backend\\src\\controllers\\forecast.controller.ts:110:15)"}
2026-07-07 11:55:34 [ERROR]: Unhandled Rejection: No TAF available for this station {"statusCode":404,"isOperational":true,"stack":"Error: No TAF available for this station\n    at getTAF (C:\\Users\\chokah\\Desktop\\air\\backend\\src\\controllers\\forecast.controller.ts:110:15)"}
2026-07-07 11:55:34 [ERROR]: Unhandled Rejection: No active forecast found for this station {"statusCode":404,"isOperational":true,"stack":"Error: No active forecast found for this station\n    at getCurrent (C:\\Users\\chokah\\Desktop\\air\\backend\\src\\controllers\\forecast.controller.ts:69:15)"}
2026-07-07 11:55:36 [ERROR]: Unhandled Rejection: No TAF available for this station {"statusCode":404,"isOperational":true,"stack":"Error: No TAF available for this station\n    at getTAF (C:\\Users\\chokah\\Desktop\\air\\backend\\src\\controllers\\forecast.controller.ts:110:15)"}
2026-07-07 11:55:36 [ERROR]: Unhandled Rejection: No active forecast found for this station {"statusCode":404,"isOperational":true,"stack":"Error: No active forecast found for this station\n    at getCurrent (C:\\Users\\chokah\\Desktop\\air\\backend\\src\\controllers\\forecast.controller.ts:69:15)"}
2026-07-07 12:16:41 [ERROR]: Unhandled Rejection: No TAF available for this station {"statusCode":404,"isOperational":true,"stack":"Error: No TAF available for this station\n    at getTAF (C:\\Users\\chokah\\Desktop\\air\\backend\\src\\controllers\\forecast.controller.ts:110:15)"}
2026-07-07 12:16:41 [ERROR]: Unhandled Rejection: No active forecast found for this station {"statusCode":404,"isOperational":true,"stack":"Error: No active forecast found for this station\n    at getCurrent (C:\\Users\\chokah\\Desktop\\air\\backend\\src\\controllers\\forecast.controller.ts:69:15)"}
2026-07-07 12:16:41 [ERROR]: Unhandled Rejection: No active forecast found for this station {"statusCode":404,"isOperational":true,"stack":"Error: No active forecast found for this station\n    at getCurrent (C:\\Users\\chokah\\Desktop\\air\\backend\\src\\controllers\\forecast.controller.ts:69:15)"}
2026-07-07 12:16:41 [ERROR]: Unhandled Rejection: No TAF available for this station {"statusCode":404,"isOperational":true,"stack":"Error: No TAF available for this station\n    at getTAF (C:\\Users\\chokah\\Desktop\\air\\backend\\src\\controllers\\forecast.controller.ts:110:15)"}
2026-07-07 12:17:01 [ERROR]: Unhandled Rejection: No active forecast found for this station {"statusCode":404,"isOperational":true,"stack":"Error: No active forecast found for this station\n    at getCurrent (C:\\Users\\chokah\\Desktop\\air\\backend\\src\\controllers\\forecast.controller.ts:69:15)"}
2026-07-07 12:17:01 [ERROR]: Unhandled Rejection: No TAF available for this station {"statusCode":404,"isOperational":true,"stack":"Error: No TAF available for this station\n    at getTAF (C:\\Users\\chokah\\Desktop\\air\\backend\\src\\controllers\\forecast.controller.ts:110:15)"}
2026-07-07 12:17:01 [ERROR]: Unhandled Rejection: No active forecast found for this station {"statusCode":404,"isOperational":true,"stack":"Error: No active forecast found for this station\n    at getCurrent (C:\\Users\\chokah\\Desktop\\air\\backend\\src\\controllers\\forecast.controller.ts:69:15)"}
2026-07-07 12:17:01 [ERROR]: Unhandled Rejection: No TAF available for this station {"statusCode":404,"isOperational":true,"stack":"Error: No TAF available for this station\n    at getTAF (C:\\Users\\chokah\\Desktop\\air\\backend\\src\\controllers\\forecast.controller.ts:110:15)"}
2026-07-07 13:08:50 [ERROR]: Unhandled Rejection: No active forecast found for this station {"statusCode":404,"isOperational":true,"stack":"Error: No active forecast found for this station\n    at getCurrent (C:\\Users\\chokah\\Desktop\\air\\backend\\src\\controllers\\forecast.controller.ts:69:15)"}
2026-07-07 13:08:50 [ERROR]: Unhandled Rejection: No TAF available for this station {"statusCode":404,"isOperational":true,"stack":"Error: No TAF available for this station\n    at getTAF (C:\\Users\\chokah\\Desktop\\air\\backend\\src\\controllers\\forecast.controller.ts:110:15)"}
2026-07-07 13:08:52 [ERROR]: Unhandled Rejection: No active forecast found for this station {"statusCode":404,"isOperational":true,"stack":"Error: No active forecast found for this station\n    at getCurrent (C:\\Users\\chokah\\Desktop\\air\\backend\\src\\controllers\\forecast.controller.ts:69:15)"}
2026-07-07 13:08:52 [ERROR]: Unhandled Rejection: No TAF available for this station {"statusCode":404,"isOperational":true,"stack":"Error: No TAF available for this station\n    at getTAF (C:\\Users\\chokah\\Desktop\\air\\backend\\src\\controllers\\forecast.controller.ts:110:15)"}
2026-07-07 13:09:12 [ERROR]: Unhandled Rejection: No TAF available for this station {"statusCode":404,"isOperational":true,"stack":"Error: No TAF available for this station\n    at getTAF (C:\\Users\\chokah\\Desktop\\air\\backend\\src\\controllers\\forecast.controller.ts:110:15)"}
2026-07-07 13:09:12 [ERROR]: Unhandled Rejection: No active forecast found for this station {"statusCode":404,"isOperational":true,"stack":"Error: No active forecast found for this station\n    at getCurrent (C:\\Users\\chokah\\Desktop\\air\\backend\\src\\controllers\\forecast.controller.ts:69:15)"}
2026-07-07 13:09:13 [ERROR]: Unhandled Rejection: No active forecast found for this station {"statusCode":404,"isOperational":true,"stack":"Error: No active forecast found for this station\n    at getCurrent (C:\\Users\\chokah\\Desktop\\air\\backend\\src\\controllers\\forecast.controller.ts:69:15)"}
2026-07-07 13:09:13 [ERROR]: Unhandled Rejection: No TAF available for this station {"statusCode":404,"isOperational":true,"stack":"Error: No TAF available for this station\n    at getTAF (C:\\Users\\chokah\\Desktop\\air\\backend\\src\\controllers\\forecast.controller.ts:110:15)"}
2026-07-07 13:11:50 [ERROR]: Unhandled Rejection: No active forecast found for this station {"statusCode":404,"isOperational":true,"stack":"Error: No active forecast found for this station\n    at getCurrent (C:\\Users\\chokah\\Desktop\\air\\backend\\src\\controllers\\forecast.controller.ts:69:15)"}
2026-07-07 13:11:50 [ERROR]: Unhandled Rejection: No TAF available for this station {"statusCode":404,"isOperational":true,"stack":"Error: No TAF available for this station\n    at getTAF (C:\\Users\\chokah\\Desktop\\air\\backend\\src\\controllers\\forecast.controller.ts:110:15)"}
2026-07-07 13:11:50 [ERROR]: Unhandled Rejection: No active forecast found for this station {"statusCode":404,"isOperational":true,"stack":"Error: No active forecast found for this station\n    at getCurrent (C:\\Users\\chokah\\Desktop\\air\\backend\\src\\controllers\\forecast.controller.ts:69:15)"}
2026-07-07 13:11:50 [ERROR]: Unhandled Rejection: No TAF available for this station {"statusCode":404,"isOperational":true,"stack":"Error: No TAF available for this station\n    at getTAF (C:\\Users\\chokah\\Desktop\\air\\backend\\src\\controllers\\forecast.controller.ts:110:15)"}
2026-07-07 13:12:10 [ERROR]: Unhandled Rejection: No active forecast found for this station {"statusCode":404,"isOperational":true,"stack":"Error: No active forecast found for this station\n    at getCurrent (C:\\Users\\chokah\\Desktop\\air\\backend\\src\\controllers\\forecast.controller.ts:69:15)"}
2026-07-07 13:12:10 [ERROR]: Unhandled Rejection: No TAF available for this station {"statusCode":404,"isOperational":true,"stack":"Error: No TAF available for this station\n    at getTAF (C:\\Users\\chokah\\Desktop\\air\\backend\\src\\controllers\\forecast.controller.ts:110:15)"}
2026-07-07 13:12:10 [ERROR]: Unhandled Rejection: No active forecast found for this station {"statusCode":404,"isOperational":true,"stack":"Error: No active forecast found for this station\n    at getCurrent (C:\\Users\\chokah\\Desktop\\air\\backend\\src\\controllers\\forecast.controller.ts:69:15)"}
2026-07-07 13:12:10 [ERROR]: Unhandled Rejection: No TAF available for this station {"statusCode":404,"isOperational":true,"stack":"Error: No TAF available for this station\n    at getTAF (C:\\Users\\chokah\\Desktop\\air\\backend\\src\\controllers\\forecast.controller.ts:110:15)"}
2026-07-07 13:22:04 [ERROR]: Unhandled Rejection: No TAF available for this station {"statusCode":404,"isOperational":true,"stack":"Error: No TAF available for this station\n    at getTAF (C:\\Users\\chokah\\Desktop\\air\\backend\\src\\controllers\\forecast.controller.ts:110:15)"}
2026-07-07 13:22:04 [ERROR]: Unhandled Rejection: No active forecast found for this station {"statusCode":404,"isOperational":true,"stack":"Error: No active forecast found for this station\n    at getCurrent (C:\\Users\\chokah\\Desktop\\air\\backend\\src\\controllers\\forecast.controller.ts:69:15)"}
2026-07-07 13:22:05 [ERROR]: Unhandled Rejection: No active forecast found for this station {"statusCode":404,"isOperational":true,"stack":"Error: No active forecast found for this station\n    at getCurrent (C:\\Users\\chokah\\Desktop\\air\\backend\\src\\controllers\\forecast.controller.ts:69:15)"}
2026-07-07 13:22:05 [ERROR]: Unhandled Rejection: No TAF available for this station {"statusCode":404,"isOperational":true,"stack":"Error: No TAF available for this station\n    at getTAF (C:\\Users\\chokah\\Desktop\\air\\backend\\src\\controllers\\forecast.controller.ts:110:15)"}
2026-07-07 13:22:25 [ERROR]: Unhandled Rejection: No TAF available for this station {"statusCode":404,"isOperational":true,"stack":"Error: No TAF available for this station\n    at getTAF (C:\\Users\\chokah\\Desktop\\air\\backend\\src\\controllers\\forecast.controller.ts:110:15)"}
2026-07-07 13:22:25 [ERROR]: Unhandled Rejection: No active forecast found for this station {"statusCode":404,"isOperational":true,"stack":"Error: No active forecast found for this station\n    at getCurrent (C:\\Users\\chokah\\Desktop\\air\\backend\\src\\controllers\\forecast.controller.ts:69:15)"}
2026-07-07 13:22:25 [ERROR]: Unhandled Rejection: No active forecast found for this station {"statusCode":404,"isOperational":true,"stack":"Error: No active forecast found for this station\n    at getCurrent (C:\\Users\\chokah\\Desktop\\air\\backend\\src\\controllers\\forecast.controller.ts:69:15)"}
2026-07-07 13:22:25 [ERROR]: Unhandled Rejection: No TAF available for this station {"statusCode":404,"isOperational":true,"stack":"Error: No TAF available for this station\n    at getTAF (C:\\Users\\chokah\\Desktop\\air\\backend\\src\\controllers\\forecast.controller.ts:110:15)"}
2026-07-07 13:24:22 [ERROR]: Unhandled Rejection: No active forecast found for this station {"statusCode":404,"isOperational":true,"stack":"Error: No active forecast found for this station\n    at getCurrent (C:\\Users\\chokah\\Desktop\\air\\backend\\src\\controllers\\forecast.controller.ts:69:15)"}
2026-07-07 13:24:22 [ERROR]: Unhandled Rejection: No TAF available for this station {"statusCode":404,"isOperational":true,"stack":"Error: No TAF available for this station\n    at getTAF (C:\\Users\\chokah\\Desktop\\air\\backend\\src\\controllers\\forecast.controller.ts:110:15)"}
2026-07-07 13:24:32 [ERROR]: Unhandled Rejection: No active forecast found for this station {"statusCode":404,"isOperational":true,"stack":"Error: No active forecast found for this station\n    at getCurrent (C:\\Users\\chokah\\Desktop\\air\\backend\\src\\controllers\\forecast.controller.ts:69:15)"}
2026-07-07 13:24:32 [ERROR]: Unhandled Rejection: No TAF available for this station {"statusCode":404,"isOperational":true,"stack":"Error: No TAF available for this station\n    at getTAF (C:\\Users\\chokah\\Desktop\\air\\backend\\src\\controllers\\forecast.controller.ts:110:15)"}
2026-07-07 13:24:42 [ERROR]: Unhandled Rejection: No active forecast found for this station {"statusCode":404,"isOperational":true,"stack":"Error: No active forecast found for this station\n    at getCurrent (C:\\Users\\chokah\\Desktop\\air\\backend\\src\\controllers\\forecast.controller.ts:69:15)"}
2026-07-07 13:24:42 [ERROR]: Unhandled Rejection: No TAF available for this station {"statusCode":404,"isOperational":true,"stack":"Error: No TAF available for this station\n    at getTAF (C:\\Users\\chokah\\Desktop\\air\\backend\\src\\controllers\\forecast.controller.ts:110:15)"}
2026-07-07 13:27:13 [ERROR]: Unhandled Rejection: No active forecast found for this station {"statusCode":404,"isOperational":true,"stack":"Error: No active forecast found for this station\n    at getCurrent (C:\\Users\\chokah\\Desktop\\air\\backend\\src\\controllers\\forecast.controller.ts:69:15)"}
2026-07-07 13:27:13 [ERROR]: Unhandled Rejection: No TAF available for this station {"statusCode":404,"isOperational":true,"stack":"Error: No TAF available for this station\n    at getTAF (C:\\Users\\chokah\\Desktop\\air\\backend\\src\\controllers\\forecast.controller.ts:110:15)"}
2026-07-07 13:35:27 [ERROR]: Unhandled Rejection: No TAF available for this station {"statusCode":404,"isOperational":true,"stack":"Error: No TAF available for this station\n    at getTAF (C:\\Users\\chokah\\Desktop\\air\\backend\\src\\controllers\\forecast.controller.ts:110:15)"}
2026-07-07 13:35:27 [ERROR]: Unhandled Rejection: No active forecast found for this station {"statusCode":404,"isOperational":true,"stack":"Error: No active forecast found for this station\n    at getCurrent (C:\\Users\\chokah\\Desktop\\air\\backend\\src\\controllers\\forecast.controller.ts:69:15)"}
2026-07-07 13:35:27 [ERROR]: Unhandled Rejection: No active forecast found for this station {"statusCode":404,"isOperational":true,"stack":"Error: No active forecast found for this station\n    at getCurrent (C:\\Users\\chokah\\Desktop\\air\\backend\\src\\controllers\\forecast.controller.ts:69:15)"}
2026-07-07 13:35:27 [ERROR]: Unhandled Rejection: No TAF available for this station {"statusCode":404,"isOperational":true,"stack":"Error: No TAF available for this station\n    at getTAF (C:\\Users\\chokah\\Desktop\\air\\backend\\src\\controllers\\forecast.controller.ts:110:15)"}
2026-07-07 13:35:46 [ERROR]: Unhandled Rejection: No active forecast found for this station {"statusCode":404,"isOperational":true,"stack":"Error: No active forecast found for this station\n    at getCurrent (C:\\Users\\chokah\\Desktop\\air\\backend\\src\\controllers\\forecast.controller.ts:69:15)"}
2026-07-07 13:35:46 [ERROR]: Unhandled Rejection: No TAF available for this station {"statusCode":404,"isOperational":true,"stack":"Error: No TAF available for this station\n    at getTAF (C:\\Users\\chokah\\Desktop\\air\\backend\\src\\controllers\\forecast.controller.ts:110:15)"}
2026-07-07 13:50:16 [ERROR]: Unhandled Rejection: No active forecast found for this station {"statusCode":404,"isOperational":true,"stack":"Error: No active forecast found for this station\n    at getCurrent (C:\\Users\\chokah\\Desktop\\air\\backend\\src\\controllers\\forecast.controller.ts:69:15)"}
2026-07-07 13:50:16 [ERROR]: Unhandled Rejection: No TAF available for this station {"statusCode":404,"isOperational":true,"stack":"Error: No TAF available for this station\n    at getTAF (C:\\Users\\chokah\\Desktop\\air\\backend\\src\\controllers\\forecast.controller.ts:110:15)"}
2026-07-07 13:50:35 [ERROR]: Unhandled Rejection: No active forecast found for this station {"statusCode":404,"isOperational":true,"stack":"Error: No active forecast found for this station\n    at getCurrent (C:\\Users\\chokah\\Desktop\\air\\backend\\src\\controllers\\forecast.controller.ts:69:15)"}
2026-07-07 13:50:35 [ERROR]: Unhandled Rejection: No TAF available for this station {"statusCode":404,"isOperational":true,"stack":"Error: No TAF available for this station\n    at getTAF (C:\\Users\\chokah\\Desktop\\air\\backend\\src\\controllers\\forecast.controller.ts:110:15)"}
2026-07-07 13:50:37 [ERROR]: Unhandled Rejection: No active forecast found for this station {"statusCode":404,"isOperational":true,"stack":"Error: No active forecast found for this station\n    at getCurrent (C:\\Users\\chokah\\Desktop\\air\\backend\\src\\controllers\\forecast.controller.ts:69:15)"}
2026-07-07 13:50:37 [ERROR]: Unhandled Rejection: No TAF available for this station {"statusCode":404,"isOperational":true,"stack":"Error: No TAF available for this station\n    at getTAF (C:\\Users\\chokah\\Desktop\\air\\backend\\src\\controllers\\forecast.controller.ts:110:15)"}
2026-07-07 14:41:55 [ERROR]: Unhandled Rejection: No active forecast found for this station {"statusCode":404,"isOperational":true,"stack":"Error: No active forecast found for this station\n    at getCurrent (C:\\Users\\chokah\\Desktop\\air\\backend\\src\\controllers\\forecast.controller.ts:69:15)"}
2026-07-07 14:41:55 [ERROR]: Unhandled Rejection: No TAF available for this station {"statusCode":404,"isOperational":true,"stack":"Error: No TAF available for this station\n    at getTAF (C:\\Users\\chokah\\Desktop\\air\\backend\\src\\controllers\\forecast.controller.ts:110:15)"}
2026-07-07 14:41:56 [ERROR]: Unhandled Rejection: No active forecast found for this station {"statusCode":404,"isOperational":true,"stack":"Error: No active forecast found for this station\n    at getCurrent (C:\\Users\\chokah\\Desktop\\air\\backend\\src\\controllers\\forecast.controller.ts:69:15)"}
2026-07-07 14:41:56 [ERROR]: Unhandled Rejection: No TAF available for this station {"statusCode":404,"isOperational":true,"stack":"Error: No TAF available for this station\n    at getTAF (C:\\Users\\chokah\\Desktop\\air\\backend\\src\\controllers\\forecast.controller.ts:110:15)"}
2026-07-07 14:42:15 [ERROR]: Unhandled Rejection: No TAF available for this station {"statusCode":404,"isOperational":true,"stack":"Error: No TAF available for this station\n    at getTAF (C:\\Users\\chokah\\Desktop\\air\\backend\\src\\controllers\\forecast.controller.ts:110:15)"}
2026-07-07 14:42:15 [ERROR]: Unhandled Rejection: No active forecast found for this station {"statusCode":404,"isOperational":true,"stack":"Error: No active forecast found for this station\n    at getCurrent (C:\\Users\\chokah\\Desktop\\air\\backend\\src\\controllers\\forecast.controller.ts:69:15)"}
2026-07-07 15:10:38 [ERROR]: Unhandled Rejection: No TAF available for this station {"statusCode":404,"isOperational":true,"stack":"Error: No TAF available for this station\n    at getTAF (C:\\Users\\chokah\\Desktop\\air\\backend\\src\\controllers\\forecast.controller.ts:110:15)"}
2026-07-07 15:10:38 [ERROR]: Unhandled Rejection: No active forecast found for this station {"statusCode":404,"isOperational":true,"stack":"Error: No active forecast found for this station\n    at getCurrent (C:\\Users\\chokah\\Desktop\\air\\backend\\src\\controllers\\forecast.controller.ts:69:15)"}
2026-07-08 09:21:24 [ERROR]: Unhandled Rejection: No TAF available for this station {"statusCode":404,"isOperational":true,"stack":"Error: No TAF available for this station\n    at getTAF (C:\\Users\\chokah\\Desktop\\air\\backend\\src\\controllers\\forecast.controller.ts:110:15)"}
2026-07-08 09:21:24 [ERROR]: Unhandled Rejection: No active forecast found for this station {"statusCode":404,"isOperational":true,"stack":"Error: No active forecast found for this station\n    at getCurrent (C:\\Users\\chokah\\Desktop\\air\\backend\\src\\controllers\\forecast.controller.ts:69:15)"}
2026-07-08 09:21:25 [ERROR]: Unhandled Rejection: No active forecast found for this station {"statusCode":404,"isOperational":true,"stack":"Error: No active forecast found for this station\n    at getCurrent (C:\\Users\\chokah\\Desktop\\air\\backend\\src\\controllers\\forecast.controller.ts:69:15)"}
2026-07-08 09:21:25 [ERROR]: Unhandled Rejection: No TAF available for this station {"statusCode":404,"isOperational":true,"stack":"Error: No TAF available for this station\n    at getTAF (C:\\Users\\chokah\\Desktop\\air\\backend\\src\\controllers\\forecast.controller.ts:110:15)"}
2026-07-08 09:21:44 [ERROR]: Unhandled Rejection: No active forecast found for this station {"statusCode":404,"isOperational":true,"stack":"Error: No active forecast found for this station\n    at getCurrent (C:\\Users\\chokah\\Desktop\\air\\backend\\src\\controllers\\forecast.controller.ts:69:15)"}
2026-07-08 09:21:44 [ERROR]: Unhandled Rejection: No TAF available for this station {"statusCode":404,"isOperational":true,"stack":"Error: No TAF available for this station\n    at getTAF (C:\\Users\\chokah\\Desktop\\air\\backend\\src\\controllers\\forecast.controller.ts:110:15)"}
2026-07-08 09:21:55 [ERROR]: Unhandled Rejection: No active forecast found for this station {"statusCode":404,"isOperational":true,"stack":"Error: No active forecast found for this station\n    at getCurrent (C:\\Users\\chokah\\Desktop\\air\\backend\\src\\controllers\\forecast.controller.ts:69:15)"}
2026-07-08 09:21:55 [ERROR]: Unhandled Rejection: No TAF available for this station {"statusCode":404,"isOperational":true,"stack":"Error: No TAF available for this station\n    at getTAF (C:\\Users\\chokah\\Desktop\\air\\backend\\src\\controllers\\forecast.controller.ts:110:15)"}
2026-07-08 09:21:55 [ERROR]: Unhandled Rejection: No active forecast found for this station {"statusCode":404,"isOperational":true,"stack":"Error: No active forecast found for this station\n    at getCurrent (C:\\Users\\chokah\\Desktop\\air\\backend\\src\\controllers\\forecast.controller.ts:69:15)"}
2026-07-08 09:21:55 [ERROR]: Unhandled Rejection: No TAF available for this station {"statusCode":404,"isOperational":true,"stack":"Error: No TAF available for this station\n    at getTAF (C:\\Users\\chokah\\Desktop\\air\\backend\\src\\controllers\\forecast.controller.ts:110:15)"}
2026-07-08 09:22:15 [ERROR]: Unhandled Rejection: No active forecast found for this station {"statusCode":404,"isOperational":true,"stack":"Error: No active forecast found for this station\n    at getCurrent (C:\\Users\\chokah\\Desktop\\air\\backend\\src\\controllers\\forecast.controller.ts:69:15)"}
2026-07-08 09:22:15 [ERROR]: Unhandled Rejection: No TAF available for this station {"statusCode":404,"isOperational":true,"stack":"Error: No TAF available for this station\n    at getTAF (C:\\Users\\chokah\\Desktop\\air\\backend\\src\\controllers\\forecast.controller.ts:110:15)"}
2026-07-08 09:22:16 [ERROR]: Unhandled Rejection: No active forecast found for this station {"statusCode":404,"isOperational":true,"stack":"Error: No active forecast found for this station\n    at getCurrent (C:\\Users\\chokah\\Desktop\\air\\backend\\src\\controllers\\forecast.controller.ts:69:15)"}
2026-07-08 09:22:16 [ERROR]: Unhandled Rejection: No TAF available for this station {"statusCode":404,"isOperational":true,"stack":"Error: No TAF available for this station\n    at getTAF (C:\\Users\\chokah\\Desktop\\air\\backend\\src\\controllers\\forecast.controller.ts:110:15)"}
2026-07-10 00:47:47 [ERROR]: Unhandled Rejection: No active forecast found for this station {"statusCode":404,"isOperational":true,"stack":"Error: No active forecast found for this station\n    at getCurrent (C:\\Users\\chokah\\Desktop\\air\\backend\\src\\controllers\\forecast.controller.ts:69:15)"}
2026-07-10 00:47:47 [ERROR]: Unhandled Rejection: No TAF available for this station {"statusCode":404,"isOperational":true,"stack":"Error: No TAF available for this station\n    at getTAF (C:\\Users\\chokah\\Desktop\\air\\backend\\src\\controllers\\forecast.controller.ts:110:15)"}
2026-07-10 00:47:48 [ERROR]: Unhandled Rejection: No active forecast found for this station {"statusCode":404,"isOperational":true,"stack":"Error: No active forecast found for this station\n    at getCurrent (C:\\Users\\chokah\\Desktop\\air\\backend\\src\\controllers\\forecast.controller.ts:69:15)"}
2026-07-10 00:47:48 [ERROR]: Unhandled Rejection: No TAF available for this station {"statusCode":404,"isOperational":true,"stack":"Error: No TAF available for this station\n    at getTAF (C:\\Users\\chokah\\Desktop\\air\\backend\\src\\controllers\\forecast.controller.ts:110:15)"}
2026-07-10 00:48:07 [ERROR]: Unhandled Rejection: No active forecast found for this station {"statusCode":404,"isOperational":true,"stack":"Error: No active forecast found for this station\n    at getCurrent (C:\\Users\\chokah\\Desktop\\air\\backend\\src\\controllers\\forecast.controller.ts:69:15)"}
2026-07-10 00:48:07 [ERROR]: Unhandled Rejection: No TAF available for this station {"statusCode":404,"isOperational":true,"stack":"Error: No TAF available for this station\n    at getTAF (C:\\Users\\chokah\\Desktop\\air\\backend\\src\\controllers\\forecast.controller.ts:110:15)"}
2026-07-10 00:48:47 [ERROR]: Unhandled Rejection: No active forecast found for this station {"statusCode":404,"isOperational":true,"stack":"Error: No active forecast found for this station\n    at getCurrent (C:\\Users\\chokah\\Desktop\\air\\backend\\src\\controllers\\forecast.controller.ts:69:15)"}
2026-07-10 00:48:47 [ERROR]: Unhandled Rejection: No TAF available for this station {"statusCode":404,"isOperational":true,"stack":"Error: No TAF available for this station\n    at getTAF (C:\\Users\\chokah\\Desktop\\air\\backend\\src\\controllers\\forecast.controller.ts:110:15)"}
2026-07-10 00:48:48 [ERROR]: Unhandled Rejection: No TAF available for this station {"statusCode":404,"isOperational":true,"stack":"Error: No TAF available for this station\n    at getTAF (C:\\Users\\chokah\\Desktop\\air\\backend\\src\\controllers\\forecast.controller.ts:110:15)"}
2026-07-10 00:48:48 [ERROR]: Unhandled Rejection: No active forecast found for this station {"statusCode":404,"isOperational":true,"stack":"Error: No active forecast found for this station\n    at getCurrent (C:\\Users\\chokah\\Desktop\\air\\backend\\src\\controllers\\forecast.controller.ts:69:15)"}
2026-07-10 00:49:07 [ERROR]: Unhandled Rejection: No active forecast found for this station {"statusCode":404,"isOperational":true,"stack":"Error: No active forecast found for this station\n    at getCurrent (C:\\Users\\chokah\\Desktop\\air\\backend\\src\\controllers\\forecast.controller.ts:69:15)"}
2026-07-10 00:49:07 [ERROR]: Unhandled Rejection: No TAF available for this station {"statusCode":404,"isOperational":true,"stack":"Error: No TAF available for this station\n    at getTAF (C:\\Users\\chokah\\Desktop\\air\\backend\\src\\controllers\\forecast.controller.ts:110:15)"}
2026-07-10 00:56:45 [ERROR]: Unhandled Rejection: No active forecast found for this station {"statusCode":404,"isOperational":true,"stack":"Error: No active forecast found for this station\n    at getCurrent (C:\\Users\\chokah\\Desktop\\air\\backend\\src\\controllers\\forecast.controller.ts:69:15)"}
2026-07-10 00:56:45 [ERROR]: Unhandled Rejection: No TAF available for this station {"statusCode":404,"isOperational":true,"stack":"Error: No TAF available for this station\n    at getTAF (C:\\Users\\chokah\\Desktop\\air\\backend\\src\\controllers\\forecast.controller.ts:110:15)"}
2026-07-10 00:56:46 [ERROR]: Unhandled Rejection: No active forecast found for this station {"statusCode":404,"isOperational":true,"stack":"Error: No active forecast found for this station\n    at getCurrent (C:\\Users\\chokah\\Desktop\\air\\backend\\src\\controllers\\forecast.controller.ts:69:15)"}
2026-07-10 00:56:46 [ERROR]: Unhandled Rejection: No TAF available for this station {"statusCode":404,"isOperational":true,"stack":"Error: No TAF available for this station\n    at getTAF (C:\\Users\\chokah\\Desktop\\air\\backend\\src\\controllers\\forecast.controller.ts:110:15)"}
2026-07-10 00:56:59 [ERROR]: Unhandled Rejection: No active forecast found for this station {"statusCode":404,"isOperational":true,"stack":"Error: No active forecast found for this station\n    at getCurrent (C:\\Users\\chokah\\Desktop\\air\\backend\\src\\controllers\\forecast.controller.ts:69:15)"}
